
Allocating common symbols
Common symbol       size              file

floppyBuffer        0x10000           build/floppy.o
fat                 0x2400            build/main.o
echo_byte           0x1               build/interrupt.o
root_dir            0x1e00            build/main.o
IDT                 0x800             build/interrupt.o
video_base          0x2               build/video.o
root_dir_entries    0x3c4b0           build/main.o

Memory Configuration

Name             Origin             Length             Attributes
*default*        0x0000000000000000 0xffffffffffffffff

Linker script and memory map

                0x000000000000be00                . = 0xbe00

.text           0x000000000000be00     0x247c
 build/main.o(.text)
 .text          0x000000000000be00      0x156 build/main.o
                0x000000000000be00                entryc
 build/utils.o(.text)
 *fill*         0x000000000000bf56        0xa 
 .text          0x000000000000bf60       0xa4 build/utils.o
                0x000000000000bf60                inb
                0x000000000000bf6f                io_wait
                0x000000000000bf77                outb
                0x000000000000bf84                waitLoop
                0x000000000000bf8b                keybSp
                0x000000000000bfa0                irq_1
                0x000000000000bfb3                load_IDT
                0x000000000000bfc0                double_fault_HNDLR
                0x000000000000bfd1                d_b_0_HNDLR
                0x000000000000bfd7                segment_fault_HNDLR
                0x000000000000bfdd                stack_fault_HNDLR
                0x000000000000bfe3                overflow_fault_HNDLR
                0x000000000000bfe9                protection_fault_HNDLR
                0x000000000000bfef                PIC_timer
                0x000000000000bff0                util_cli
                0x000000000000bff2                util_sti
                0x000000000000bff4                floppy_HNDLR
                0x000000000000bffc                rtc_HNDLR
 build/utils.o(.data)
 build/utils.o(.bss)
 build/utils.o(.rodata)
 build/utils.o(.rel.text)
 build/video.o(.text)
 .text          0x000000000000c004      0x4ba build/video.o
                0x000000000000c004                loadVideoPort
                0x000000000000c018                updateCursor
                0x000000000000c0ad                printCharacterAtPos
                0x000000000000c0fd                clearScreen
                0x000000000000c140                printTab
                0x000000000000c16f                newLine
                0x000000000000c1ab                deleteCurrentChar
                0x000000000000c213                printString
                0x000000000000c2b1                printCharacter
                0x000000000000c325                printHex
                0x000000000000c44b                printUint32
 build/video.o(.data)
 *fill*         0x000000000000c4be        0x2 
 .data          0x000000000000c4c0        0x4 build/video.o
                0x000000000000c4c0                videoMem
 build/video.o(.bss)
 .bss           0x000000000000c4c4        0x8 build/video.o
                0x000000000000c4c4                posX
                0x000000000000c4c8                posY
 build/video.o(.rodata)
 .rodata        0x000000000000c4cc       0x43 build/video.o
 build/video.o(.rel.text)
 build/interrupt.o(.text)
 .text          0x000000000000c50f      0x609 build/interrupt.o
                0x000000000000c50f                PIC_sendEOI
                0x000000000000c545                c_dbl_flt
                0x000000000000c55d                print_hex
                0x000000000000c6f6                PIC_remap
                0x000000000000c7f7                handle_irq_1
                0x000000000000c89f                zero_IDT
                0x000000000000c8cd                db0_fault
                0x000000000000c8e5                segment_fault
                0x000000000000c8fd                stack_fault
                0x000000000000c915                overflow_fault
                0x000000000000c92d                protection_fault
                0x000000000000c945                fill_IDT_entry
                0x000000000000c9ac                create_IDT
                0x000000000000cafe                disable_echo
                0x000000000000cb0b                enable_echo
 build/interrupt.o(.data)
 .data          0x000000000000cb18        0x0 build/interrupt.o
 build/interrupt.o(.bss)
 .bss           0x000000000000cb18        0x9 build/interrupt.o
 build/interrupt.o(.rodata)
 *fill*         0x000000000000cb21        0x3 
 .rodata        0x000000000000cb24      0x148 build/interrupt.o
 build/interrupt.o(.rel.text)
 build/keyboard.o(.text)
 .text          0x000000000000cc6c      0x218 build/keyboard.o
                0x000000000000cc6c                isShift
                0x000000000000cc8c                doShift
                0x000000000000cc9f                unShift
                0x000000000000ccac                isCtrl
                0x000000000000cccc                doCtrl
                0x000000000000ccdf                unCtrl
                0x000000000000ccec                scancodeToAscii
                0x000000000000cd1b                parseKey
                0x000000000000cd75                parseKeyOff
                0x000000000000cda1                PS2_wait
                0x000000000000cdd5                init_keyboard
 build/keyboard.o(.data)
 .data          0x000000000000ce84        0x0 build/keyboard.o
 build/keyboard.o(.bss)
 .bss           0x000000000000ce84        0x1 build/keyboard.o
                0x000000000000ce84                KEYB_STATUS_BYTE
 build/keyboard.o(.rodata)
 *fill*         0x000000000000ce85        0x3 
 .rodata        0x000000000000ce88       0x70 build/keyboard.o
 build/keyboard.o(.rel.text)
 build/scancodes.o(.text)
 .text          0x000000000000cef8        0x0 build/scancodes.o
 build/scancodes.o(.data)
 *fill*         0x000000000000cef8        0x8 
 .data          0x000000000000cf00       0xe5 build/scancodes.o
                0x000000000000cf00                scancode_tbl
                0x000000000000cf80                scancode_tbl_shift
 build/scancodes.o(.rodata)
 build/scancodes.o(.bss)
 .bss           0x000000000000cfe5        0x0 build/scancodes.o
 build/scancodes.o(.rel.text)
 build/rtc.o(.text)
 .text          0x000000000000cfe5      0x1aa build/rtc.o
                0x000000000000cfe5                NMI_enable
                0x000000000000d00f                NMI_disable
                0x000000000000d038                handle_irq_8
                0x000000000000d086                getTime
                0x000000000000d09d                sleepMs
                0x000000000000d0ed                sleep
                0x000000000000d131                init_RTC
 build/rtc.o(.data)
 .data          0x000000000000d18f        0x0 build/rtc.o
 build/rtc.o(.bss)
 *fill*         0x000000000000d18f        0x1 
 .bss           0x000000000000d190        0x8 build/rtc.o
                0x000000000000d190                time
 build/rtc.o(.rodata)
 build/rtc.o(.rel.text)
 build/floppy.o(.text)
 .text          0x000000000000d198      0x9d9 build/floppy.o
                0x000000000000d198                lba_2_chs
                0x000000000000d206                init_floppy_DMA
                0x000000000000d2ed                init_DMA_floppy_write
                0x000000000000d36b                init_DMA_floppy_read
                0x000000000000d3e9                check_floppy_version
                0x000000000000d465                floppy_waitForNextParam
                0x000000000000d481                send_configure_command
                0x000000000000d4f5                send_lock_command
                0x000000000000d532                floppy_reset
                0x000000000000d597                send_specify_command
                0x000000000000d5e8                floppy_select_drive
                0x000000000000d615                floppy_sense_interrupt
                0x000000000000d664                floppy_recalibrate
                0x000000000000d6dc                floppy_init
                0x000000000000d72d                floppy_startMotor
                0x000000000000d78e                floppy_stopMotor
                0x000000000000d7ef                floppy_read
                0x000000000000db54                handle_irq_6
 build/floppy.o(.data)
 .data          0x000000000000db71        0x0 build/floppy.o
 build/floppy.o(.bss)
 .bss           0x000000000000db71        0x1 build/floppy.o
                0x000000000000db71                handled_irq
 build/floppy.o(.rodata)
 .rodata        0x000000000000db72       0x2a build/floppy.o
 build/floppy.o(.rel.text)
 build/fat.o(.text)
 .text          0x000000000000db9c      0x3a6 build/fat.o
                0x000000000000db9c                initializeFAT
                0x000000000000dcb5                listFilesFAT
 build/fat.o(.data)
 .data          0x000000000000df42        0x0 build/fat.o
 build/fat.o(.bss)
 .bss           0x000000000000df42        0x0 build/fat.o
 build/fat.o(.rodata)
 *fill*         0x000000000000df42        0x2 
 .rodata        0x000000000000df44       0x88 build/fat.o
 build/fat.o(.rel.text)
 build/string.o(.text)
 .text          0x000000000000dfcc      0x245 build/string.o
                0x000000000000dfcc                strlen
                0x000000000000dfef                strcmp
                0x000000000000e07c                strcat
                0x000000000000e0c4                strcat_n
                0x000000000000e11c                strcat_nn
                0x000000000000e17b                stradd
                0x000000000000e1af                strpos_s
                0x000000000000e1f1                strpos
 build/string.o(.data)
 .data          0x000000000000e211        0x0 build/string.o
 build/string.o(.bss)
 .bss           0x000000000000e211        0x0 build/string.o
 build/string.o(.rodata)
 build/string.o(.rel.text)
 build/main.o(.data)
 .data          0x000000000000e211        0x0 build/main.o
 build/main.o(.bss)
 .bss           0x000000000000e211        0x0 build/main.o
 build/main.o(.rodata)
 *fill*         0x000000000000e211        0x3 
 .rodata        0x000000000000e214       0x68 build/main.o
 build/main.o(.rel.text)
 .rel.text      0x000000000000e27c        0x0 build/main.o
                0x0000000000021200                . = 0x21200

.eh_frame       0x0000000000021200      0x938
 *.*(.eh_frame)
 .eh_frame      0x0000000000021200       0x34 build/main.o
 .eh_frame      0x0000000000021234      0x164 build/video.o
                                        0x17c (size before relaxing)
 .eh_frame      0x0000000000021398      0x1c8 build/interrupt.o
                                        0x1e0 (size before relaxing)
 .eh_frame      0x0000000000021560      0x160 build/keyboard.o
                                        0x178 (size before relaxing)
 .eh_frame      0x00000000000216c0       0xe8 build/rtc.o
                                        0x100 (size before relaxing)
 .eh_frame      0x00000000000217a8      0x240 build/floppy.o
                                        0x258 (size before relaxing)
 .eh_frame      0x00000000000219e8       0x50 build/fat.o
                                         0x68 (size before relaxing)
 .eh_frame      0x0000000000021a38      0x100 build/string.o
                                        0x118 (size before relaxing)
OUTPUT(build/kernel.elf elf32-i386)

.debug_info     0x0000000000000000     0x1af3
 .debug_info    0x0000000000000000      0x255 build/main.o
 .debug_info    0x0000000000000255       0x3b build/utils.o
 .debug_info    0x0000000000000290      0x27b build/video.o
 .debug_info    0x000000000000050b      0x406 build/interrupt.o
 .debug_info    0x0000000000000911      0x245 build/keyboard.o
 .debug_info    0x0000000000000b56       0x68 build/scancodes.o
 .debug_info    0x0000000000000bbe      0x1e8 build/rtc.o
 .debug_info    0x0000000000000da6      0x4ed build/floppy.o
 .debug_info    0x0000000000001293      0x520 build/fat.o
 .debug_info    0x00000000000017b3      0x340 build/string.o

.debug_abbrev   0x0000000000000000      0x9fd
 .debug_abbrev  0x0000000000000000      0x100 build/main.o
 .debug_abbrev  0x0000000000000100       0x1a build/utils.o
 .debug_abbrev  0x000000000000011a      0x112 build/video.o
 .debug_abbrev  0x000000000000022c      0x18f build/interrupt.o
 .debug_abbrev  0x00000000000003bb      0x137 build/keyboard.o
 .debug_abbrev  0x00000000000004f2       0x54 build/scancodes.o
 .debug_abbrev  0x0000000000000546      0x142 build/rtc.o
 .debug_abbrev  0x0000000000000688      0x181 build/floppy.o
 .debug_abbrev  0x0000000000000809      0x103 build/fat.o
 .debug_abbrev  0x000000000000090c       0xf1 build/string.o

.debug_aranges  0x0000000000000000      0x138
 .debug_aranges
                0x0000000000000000       0x20 build/main.o
 .debug_aranges
                0x0000000000000020       0x20 build/utils.o
 .debug_aranges
                0x0000000000000040       0x20 build/video.o
 .debug_aranges
                0x0000000000000060       0x20 build/interrupt.o
 .debug_aranges
                0x0000000000000080       0x20 build/keyboard.o
 .debug_aranges
                0x00000000000000a0       0x18 build/scancodes.o
 .debug_aranges
                0x00000000000000b8       0x20 build/rtc.o
 .debug_aranges
                0x00000000000000d8       0x20 build/floppy.o
 .debug_aranges
                0x00000000000000f8       0x20 build/fat.o
 .debug_aranges
                0x0000000000000118       0x20 build/string.o

.debug_line     0x0000000000000000      0x885
 .debug_line    0x0000000000000000       0xa1 build/main.o
 .debug_line    0x00000000000000a1       0x96 build/utils.o
 .debug_line    0x0000000000000137       0xed build/video.o
 .debug_line    0x0000000000000224      0x145 build/interrupt.o
 .debug_line    0x0000000000000369       0xc4 build/keyboard.o
 .debug_line    0x000000000000042d       0x3b build/scancodes.o
 .debug_line    0x0000000000000468       0x87 build/rtc.o
 .debug_line    0x00000000000004ef      0x245 build/floppy.o
 .debug_line    0x0000000000000734       0x9c build/fat.o
 .debug_line    0x00000000000007d0       0xb5 build/string.o

.debug_str      0x0000000000000000      0x992
 .debug_str     0x0000000000000000      0x194 build/main.o
                                        0x1c2 (size before relaxing)
 .debug_str     0x0000000000000194       0xc9 build/video.o
                                        0x199 (size before relaxing)
 .debug_str     0x000000000000025d      0x14c build/interrupt.o
                                        0x272 (size before relaxing)
 .debug_str     0x00000000000003a9       0xa5 build/keyboard.o
                                        0x1b9 (size before relaxing)
 .debug_str     0x000000000000044e        0xc build/scancodes.o
                                         0x93 (size before relaxing)
 .debug_str     0x000000000000045a       0x6f build/rtc.o
                                        0x18c (size before relaxing)
 .debug_str     0x00000000000004c9      0x1a5 build/floppy.o
                                        0x2fb (size before relaxing)
 .debug_str     0x000000000000066e      0x281 build/fat.o
                                        0x3f1 (size before relaxing)
 .debug_str     0x00000000000008ef       0xa3 build/string.o
                                        0x181 (size before relaxing)

.comment        0x0000000000000000       0x1a
 .comment       0x0000000000000000       0x1a build/main.o
                                         0x1b (size before relaxing)
 .comment       0x000000000000001a       0x1b build/video.o
 .comment       0x000000000000001a       0x1b build/interrupt.o
 .comment       0x000000000000001a       0x1b build/keyboard.o
 .comment       0x000000000000001a       0x1b build/scancodes.o
 .comment       0x000000000000001a       0x1b build/rtc.o
 .comment       0x000000000000001a       0x1b build/floppy.o
 .comment       0x000000000000001a       0x1b build/fat.o
 .comment       0x000000000000001a       0x1b build/string.o

.note.GNU-stack
                0x0000000000000000        0x0
 .note.GNU-stack
                0x0000000000000000        0x0 build/main.o
 .note.GNU-stack
                0x0000000000000000        0x0 build/video.o
 .note.GNU-stack
                0x0000000000000000        0x0 build/interrupt.o
 .note.GNU-stack
                0x0000000000000000        0x0 build/keyboard.o
 .note.GNU-stack
                0x0000000000000000        0x0 build/scancodes.o
 .note.GNU-stack
                0x0000000000000000        0x0 build/rtc.o
 .note.GNU-stack
                0x0000000000000000        0x0 build/floppy.o
 .note.GNU-stack
                0x0000000000000000        0x0 build/fat.o
 .note.GNU-stack
                0x0000000000000000        0x0 build/string.o

.bss            0x0000000000021b40    0x50ee0
 COMMON         0x0000000000021b40    0x406b0 build/main.o
                0x0000000000021b40                fat
                0x0000000000023f40                root_dir
                0x0000000000025d40                root_dir_entries
 COMMON         0x00000000000621f0        0x2 build/video.o
                0x00000000000621f0                video_base
 *fill*         0x00000000000621f2        0xe 
 COMMON         0x0000000000062200      0x820 build/interrupt.o
                0x0000000000062200                echo_byte
                0x0000000000062220                IDT
 COMMON         0x0000000000062a20    0x10000 build/floppy.o
                0x0000000000062a20                floppyBuffer

.debug_pubnames
                0x0000000000000000       0x12
 .debug_pubnames
                0x0000000000000000       0x12 build/utils.o

.debug_frame    0x0000000000000000        0x4
 .debug_frame   0x0000000000000000        0x4 build/utils.o

.debug_loc      0x0000000000000000       0x10
 .debug_loc     0x0000000000000000       0x10 build/utils.o

.debug_ranges   0x0000000000000000       0x18
 .debug_ranges  0x0000000000000000       0x18 build/interrupt.o
