
Allocating common symbols
Common symbol       size              file

floppyBuffer        0x10000           build/floppy.o
fat                 0x2400            build/main.o
echo_byte           0x1               build/interrupt.o
tempDirBuffer       0x400             build/fat.o
root_dir            0x1e00            build/main.o
IDT                 0x800             build/interrupt.o
video_base          0x2               build/video.o
root_dir_entries    0x3c4b0           build/main.o
test_dir_entries    0x3c4b0           build/main.o

Memory Configuration

Name             Origin             Length             Attributes
*default*        0x0000000000000000 0xffffffffffffffff

Linker script and memory map

                0x000000000000be00                . = 0xbe00

.text           0x000000000000be00     0x27c4
 build/main.o(.text)
 .text          0x000000000000be00      0x180 build/main.o
                0x000000000000be00                entryc
 build/utils.o(.text)
 .text          0x000000000000bf80       0xa4 build/utils.o
                0x000000000000bf80                inb
                0x000000000000bf8f                io_wait
                0x000000000000bf97                outb
                0x000000000000bfa4                waitLoop
                0x000000000000bfab                keybSp
                0x000000000000bfc0                irq_1
                0x000000000000bfd3                load_IDT
                0x000000000000bfe0                double_fault_HNDLR
                0x000000000000bff1                d_b_0_HNDLR
                0x000000000000bff7                segment_fault_HNDLR
                0x000000000000bffd                stack_fault_HNDLR
                0x000000000000c003                overflow_fault_HNDLR
                0x000000000000c009                protection_fault_HNDLR
                0x000000000000c00f                PIC_timer
                0x000000000000c010                util_cli
                0x000000000000c012                util_sti
                0x000000000000c014                floppy_HNDLR
                0x000000000000c01c                rtc_HNDLR
 build/video.o(.text)
 .text          0x000000000000c024      0x4c8 build/video.o
                0x000000000000c024                loadVideoPort
                0x000000000000c038                updateCursor
                0x000000000000c0cd                printCharacterAtPos
                0x000000000000c11d                clearScreen
                0x000000000000c160                printTab
                0x000000000000c18f                newLine
                0x000000000000c1cb                deleteCurrentChar
                0x000000000000c233                printString
                0x000000000000c2d1                printCharacter
                0x000000000000c345                printHex
                0x000000000000c46b                printUint32
 build/interrupt.o(.text)
 .text          0x000000000000c4ec      0x609 build/interrupt.o
                0x000000000000c4ec                PIC_sendEOI
                0x000000000000c522                c_dbl_flt
                0x000000000000c53a                print_hex
                0x000000000000c6d3                PIC_remap
                0x000000000000c7d4                handle_irq_1
                0x000000000000c87c                zero_IDT
                0x000000000000c8aa                db0_fault
                0x000000000000c8c2                segment_fault
                0x000000000000c8da                stack_fault
                0x000000000000c8f2                overflow_fault
                0x000000000000c90a                protection_fault
                0x000000000000c922                fill_IDT_entry
                0x000000000000c989                create_IDT
                0x000000000000cadb                disable_echo
                0x000000000000cae8                enable_echo
 build/keyboard.o(.text)
 .text          0x000000000000caf5      0x218 build/keyboard.o
                0x000000000000caf5                isShift
                0x000000000000cb15                doShift
                0x000000000000cb28                unShift
                0x000000000000cb35                isCtrl
                0x000000000000cb55                doCtrl
                0x000000000000cb68                unCtrl
                0x000000000000cb75                scancodeToAscii
                0x000000000000cba4                parseKey
                0x000000000000cbfe                parseKeyOff
                0x000000000000cc2a                PS2_wait
                0x000000000000cc5e                init_keyboard
 build/scancodes.o(.text)
 .text          0x000000000000cd0d        0x0 build/scancodes.o
 build/rtc.o(.text)
 .text          0x000000000000cd0d      0x1aa build/rtc.o
                0x000000000000cd0d                NMI_enable
                0x000000000000cd37                NMI_disable
                0x000000000000cd60                handle_irq_8
                0x000000000000cdae                getTime
                0x000000000000cdc5                sleepMs
                0x000000000000ce15                sleep
                0x000000000000ce59                init_RTC
 build/floppy.o(.text)
 .text          0x000000000000ceb7      0x9dc build/floppy.o
                0x000000000000ceb7                lba_2_chs
                0x000000000000cf25                init_floppy_DMA
                0x000000000000d00c                init_DMA_floppy_write
                0x000000000000d08a                init_DMA_floppy_read
                0x000000000000d108                check_floppy_version
                0x000000000000d184                floppy_waitForNextParam
                0x000000000000d1a0                send_configure_command
                0x000000000000d214                send_lock_command
                0x000000000000d251                floppy_reset
                0x000000000000d2b6                send_specify_command
                0x000000000000d307                floppy_select_drive
                0x000000000000d334                floppy_sense_interrupt
                0x000000000000d383                floppy_recalibrate
                0x000000000000d3fe                floppy_init
                0x000000000000d44f                floppy_startMotor
                0x000000000000d4b0                floppy_stopMotor
                0x000000000000d511                floppy_read
                0x000000000000d876                handle_irq_6
 build/fat.o(.text)
 .text          0x000000000000d893      0x62f build/fat.o
                0x000000000000d893                initializeFAT
                0x000000000000d9f1                readFatentry
                0x000000000000da3f                loadFileFromCluster
                0x000000000000daff                listFilesFAT
 build/string.o(.text)
 .text          0x000000000000dec2      0x29d build/string.o
                0x000000000000dec2                strlen
                0x000000000000dee5                strcmp
                0x000000000000df72                strcat
                0x000000000000dfba                strcat_n
                0x000000000000e012                strcat_nn
                0x000000000000e071                stradd
                0x000000000000e0a5                strpos_s
                0x000000000000e0ea                strpos
                0x000000000000e10a                substr
 build/main.o(.data)
 .data          0x000000000000e15f        0x0 build/main.o
 build/main.o(.bss)
 .bss           0x000000000000e15f        0x0 build/main.o
 build/main.o(.rodata)
 *fill*         0x000000000000e15f        0x1 
 .rodata        0x000000000000e160       0x6f build/main.o
 build/main.o(.rel.text)
 .rel.text      0x000000000000e1cf        0x0 build/main.o
 build/utils.o(.data)
 build/utils.o(.bss)
 build/utils.o(.rodata)
 build/utils.o(.rel.text)
 build/video.o(.data)
 *fill*         0x000000000000e1cf        0x1 
 .data          0x000000000000e1d0        0x4 build/video.o
                0x000000000000e1d0                videoMem
 build/video.o(.bss)
 .bss           0x000000000000e1d4        0x8 build/video.o
                0x000000000000e1d4                posX
                0x000000000000e1d8                posY
 build/video.o(.rodata)
 .rodata        0x000000000000e1dc       0x43 build/video.o
 build/video.o(.rel.text)
 build/interrupt.o(.data)
 .data          0x000000000000e21f        0x0 build/interrupt.o
 build/interrupt.o(.bss)
 *fill*         0x000000000000e21f        0x1 
 .bss           0x000000000000e220        0x9 build/interrupt.o
 build/interrupt.o(.rodata)
 *fill*         0x000000000000e229        0x3 
 .rodata        0x000000000000e22c      0x148 build/interrupt.o
 build/interrupt.o(.rel.text)
 build/keyboard.o(.data)
 .data          0x000000000000e374        0x0 build/keyboard.o
 build/keyboard.o(.bss)
 .bss           0x000000000000e374        0x1 build/keyboard.o
                0x000000000000e374                KEYB_STATUS_BYTE
 build/keyboard.o(.rodata)
 *fill*         0x000000000000e375        0x3 
 .rodata        0x000000000000e378       0x70 build/keyboard.o
 build/keyboard.o(.rel.text)
 build/scancodes.o(.data)
 *fill*         0x000000000000e3e8       0x18 
 .data          0x000000000000e400       0xe5 build/scancodes.o
                0x000000000000e400                scancode_tbl
                0x000000000000e480                scancode_tbl_shift
 build/scancodes.o(.rodata)
 build/scancodes.o(.bss)
 .bss           0x000000000000e4e5        0x0 build/scancodes.o
 build/scancodes.o(.rel.text)
 build/rtc.o(.data)
 .data          0x000000000000e4e5        0x0 build/rtc.o
 build/rtc.o(.bss)
 *fill*         0x000000000000e4e5        0x3 
 .bss           0x000000000000e4e8        0x8 build/rtc.o
                0x000000000000e4e8                time
 build/rtc.o(.rodata)
 build/rtc.o(.rel.text)
 build/floppy.o(.data)
 .data          0x000000000000e4f0        0x0 build/floppy.o
 build/floppy.o(.bss)
 .bss           0x000000000000e4f0        0x1 build/floppy.o
                0x000000000000e4f0                handled_irq
 build/floppy.o(.rodata)
 .rodata        0x000000000000e4f1       0x2a build/floppy.o
 build/floppy.o(.rel.text)
 build/fat.o(.data)
 .data          0x000000000000e51b        0x0 build/fat.o
 build/fat.o(.bss)
 .bss           0x000000000000e51b        0x0 build/fat.o
 build/fat.o(.rodata)
 *fill*         0x000000000000e51b        0x1 
 .rodata        0x000000000000e51c       0xa8 build/fat.o
 build/fat.o(.rel.text)
 build/string.o(.data)
 .data          0x000000000000e5c4        0x0 build/string.o
 build/string.o(.bss)
 .bss           0x000000000000e5c4        0x0 build/string.o
 build/string.o(.rodata)
 build/string.o(.rel.text)
                0x0000000000021200                . = 0x21200

.eh_frame       0x0000000000021200      0x9a8
 *.*(.eh_frame)
 .eh_frame      0x0000000000021200       0x34 build/main.o
 .eh_frame      0x0000000000021234      0x164 build/video.o
                                        0x17c (size before relaxing)
 .eh_frame      0x0000000000021398      0x1c8 build/interrupt.o
                                        0x1e0 (size before relaxing)
 .eh_frame      0x0000000000021560      0x160 build/keyboard.o
                                        0x178 (size before relaxing)
 .eh_frame      0x00000000000216c0       0xe8 build/rtc.o
                                        0x100 (size before relaxing)
 .eh_frame      0x00000000000217a8      0x240 build/floppy.o
                                        0x258 (size before relaxing)
 .eh_frame      0x00000000000219e8       0xa0 build/fat.o
                                         0xb8 (size before relaxing)
 .eh_frame      0x0000000000021a88      0x120 build/string.o
                                        0x138 (size before relaxing)
OUTPUT(build/kernel.elf elf32-i386)

.debug_info     0x0000000000000000     0x1d4a
 .debug_info    0x0000000000000000      0x290 build/main.o
 .debug_info    0x0000000000000290       0x3b build/utils.o
 .debug_info    0x00000000000002cb      0x294 build/video.o
 .debug_info    0x000000000000055f      0x406 build/interrupt.o
 .debug_info    0x0000000000000965      0x245 build/keyboard.o
 .debug_info    0x0000000000000baa       0x68 build/scancodes.o
 .debug_info    0x0000000000000c12      0x1e8 build/rtc.o
 .debug_info    0x0000000000000dfa      0x4ed build/floppy.o
 .debug_info    0x00000000000012e7      0x6b7 build/fat.o
 .debug_info    0x000000000000199e      0x3ac build/string.o

.debug_abbrev   0x0000000000000000      0xa4d
 .debug_abbrev  0x0000000000000000      0x100 build/main.o
 .debug_abbrev  0x0000000000000100       0x1a build/utils.o
 .debug_abbrev  0x000000000000011a      0x112 build/video.o
 .debug_abbrev  0x000000000000022c      0x18f build/interrupt.o
 .debug_abbrev  0x00000000000003bb      0x137 build/keyboard.o
 .debug_abbrev  0x00000000000004f2       0x54 build/scancodes.o
 .debug_abbrev  0x0000000000000546      0x142 build/rtc.o
 .debug_abbrev  0x0000000000000688      0x181 build/floppy.o
 .debug_abbrev  0x0000000000000809      0x153 build/fat.o
 .debug_abbrev  0x000000000000095c       0xf1 build/string.o

.debug_aranges  0x0000000000000000      0x138
 .debug_aranges
                0x0000000000000000       0x20 build/main.o
 .debug_aranges
                0x0000000000000020       0x20 build/utils.o
 .debug_aranges
                0x0000000000000040       0x20 build/video.o
 .debug_aranges
                0x0000000000000060       0x20 build/interrupt.o
 .debug_aranges
                0x0000000000000080       0x20 build/keyboard.o
 .debug_aranges
                0x00000000000000a0       0x18 build/scancodes.o
 .debug_aranges
                0x00000000000000b8       0x20 build/rtc.o
 .debug_aranges
                0x00000000000000d8       0x20 build/floppy.o
 .debug_aranges
                0x00000000000000f8       0x20 build/fat.o
 .debug_aranges
                0x0000000000000118       0x20 build/string.o

.debug_line     0x0000000000000000      0x902
 .debug_line    0x0000000000000000       0xa4 build/main.o
 .debug_line    0x00000000000000a4       0x96 build/utils.o
 .debug_line    0x000000000000013a       0xfa build/video.o
 .debug_line    0x0000000000000234      0x145 build/interrupt.o
 .debug_line    0x0000000000000379       0xc4 build/keyboard.o
 .debug_line    0x000000000000043d       0x3b build/scancodes.o
 .debug_line    0x0000000000000478       0x87 build/rtc.o
 .debug_line    0x00000000000004ff      0x245 build/floppy.o
 .debug_line    0x0000000000000744       0xf5 build/fat.o
 .debug_line    0x0000000000000839       0xc9 build/string.o

.debug_str      0x0000000000000000      0xa32
 .debug_str     0x0000000000000000      0x1c8 build/main.o
                                        0x1f6 (size before relaxing)
 .debug_str     0x00000000000001c8       0xd1 build/video.o
                                        0x1b3 (size before relaxing)
 .debug_str     0x0000000000000299      0x14c build/interrupt.o
                                        0x27c (size before relaxing)
 .debug_str     0x00000000000003e5       0xa5 build/keyboard.o
                                        0x1c3 (size before relaxing)
 .debug_str     0x000000000000048a        0xc build/scancodes.o
                                         0x9d (size before relaxing)
 .debug_str     0x0000000000000496       0x6f build/rtc.o
                                        0x196 (size before relaxing)
 .debug_str     0x0000000000000505      0x1a5 build/floppy.o
                                        0x305 (size before relaxing)
 .debug_str     0x00000000000006aa      0x2de build/fat.o
                                        0x477 (size before relaxing)
 .debug_str     0x0000000000000988       0xaa build/string.o
                                        0x19e (size before relaxing)

.comment        0x0000000000000000       0x1a
 .comment       0x0000000000000000       0x1a build/main.o
                                         0x1b (size before relaxing)
 .comment       0x000000000000001a       0x1b build/video.o
 .comment       0x000000000000001a       0x1b build/interrupt.o
 .comment       0x000000000000001a       0x1b build/keyboard.o
 .comment       0x000000000000001a       0x1b build/scancodes.o
 .comment       0x000000000000001a       0x1b build/rtc.o
 .comment       0x000000000000001a       0x1b build/floppy.o
 .comment       0x000000000000001a       0x1b build/fat.o
 .comment       0x000000000000001a       0x1b build/string.o

.note.GNU-stack
                0x0000000000000000        0x0
 .note.GNU-stack
                0x0000000000000000        0x0 build/main.o
 .note.GNU-stack
                0x0000000000000000        0x0 build/video.o
 .note.GNU-stack
                0x0000000000000000        0x0 build/interrupt.o
 .note.GNU-stack
                0x0000000000000000        0x0 build/keyboard.o
 .note.GNU-stack
                0x0000000000000000        0x0 build/scancodes.o
 .note.GNU-stack
                0x0000000000000000        0x0 build/rtc.o
 .note.GNU-stack
                0x0000000000000000        0x0 build/floppy.o
 .note.GNU-stack
                0x0000000000000000        0x0 build/fat.o
 .note.GNU-stack
                0x0000000000000000        0x0 build/string.o

.bss            0x0000000000021bc0    0x8d7a0
 COMMON         0x0000000000021bc0    0x7cb70 build/main.o
                0x0000000000021bc0                fat
                0x0000000000023fc0                root_dir
                0x0000000000025dc0                root_dir_entries
                0x0000000000062280                test_dir_entries
 COMMON         0x000000000009e730        0x2 build/video.o
                0x000000000009e730                video_base
 *fill*         0x000000000009e732        0xe 
 COMMON         0x000000000009e740      0x820 build/interrupt.o
                0x000000000009e740                echo_byte
                0x000000000009e760                IDT
 COMMON         0x000000000009ef60    0x10000 build/floppy.o
                0x000000000009ef60                floppyBuffer
 COMMON         0x00000000000aef60      0x400 build/fat.o
                0x00000000000aef60                tempDirBuffer

.debug_pubnames
                0x0000000000000000       0x12
 .debug_pubnames
                0x0000000000000000       0x12 build/utils.o

.debug_frame    0x0000000000000000        0x4
 .debug_frame   0x0000000000000000        0x4 build/utils.o

.debug_loc      0x0000000000000000       0x10
 .debug_loc     0x0000000000000000       0x10 build/utils.o

.debug_ranges   0x0000000000000000       0x18
 .debug_ranges  0x0000000000000000       0x18 build/interrupt.o
